S#321060#The OA#Continuing#2016-12-16#Friday#12:00 AM#Netflix#Drama, Mystery, Science-Fiction#8.1#18#Prairie Johnson es una chica ciega que ha estado desaparecida durante 7 largos años. Un día, vuelve a la comunidad donde se crió con un gran cambio: su vista se ha curado.