E#5878321#691955#1#6#Forking Paths#2016-12-16#As the group continues its search for the final movement, a startling turn of events gives Hap's work a new urgency.#F#null