E#5878319#691955#1#4#Away#2016-12-16#Un doloroso dilema ofrece a OA una nueva perspectiva de los problemas del grupo. Homer decide averiguar el verdadero prop√≥sito de los experimentos de Hap.#F#null