E#5878316#498968#1#1#Homecoming#2016-12-16#A woman missing for seven years turns up at a hospital with strange scars on her back but can't or won't reveal where she's been.#T#null