E#5878317#691955#1#2#New Colossus#2016-12-16#The OA retraces the dramatic twists and turns in her life after a childhood accident, leading up to a fateful encounter far from home many years later.#T#""