T#321060#691955#1#2016-12-16#8#F
E#5878316#691955#1#1#Homecoming#2016-12-16#A woman missing for seven years turns up at a hospital with strange scars on her back but can't or won't reveal where she's been.#F#null