T#321060#691955#1#2016-12-16#8#F
E#5878316#691955#1#1#Homecoming#2016-12-16#A woman missing for seven years turns up at a hospital with strange scars on her back but can't or won't reveal where she's been.#F#null
E#5878317#691955#1#2#New Colossus#2016-12-16#The OA retraces the dramatic twists and turns in her life after a childhood accident, leading up to a fateful encounter far from home many years later.#F#null
E#5878318#691955#1#3#Champion#2016-12-16#A journalist approaches the family with an offer. At Hap's, a bond is forged with Homer and the others as they hatch a desperate plan.#F#null
E#5878319#691955#1#4#Away#2016-12-16#An agonizing dilemma gives OA a new perspective on the group's plight. Homer resolves to find out what Hap's experiments are really about.#F#null
E#5878320#691955#1#5#Paradise#2016-12-16#While Hap zeroes in on a new test subject in Cuba, Homer and OA work to perfect their escape plan. Scott reaches his breaking point.#F#null
E#5878321#691955#1#6#Forking Paths#2016-12-16#As the group continues its search for the final movement, a startling turn of events gives Hap's work a new urgency.#F#null
E#5878322#691955#1#7#Empire of Light#2016-12-16#An ominous new dream and a tense outing with Nancy and Abel take a toll on OA. Steve finds his life in turmoil once again.#F#null
E#5878323#691955#1#8#Invisible Self#2016-12-16#After OA recounts a dramatic final night at Hap's, the others begin to see her story in a new light. The fragments of the dream click into place.#F#null